******************************************************************************
                  TI ARM Linker PC v18.1.3                     
******************************************************************************
>> Linked Thu Nov  8 17:32:31 2018

OUTPUT FILE NAME:   <P2a.out>
ENTRY POINT SYMBOL: "_c_int00_noargs"  address: 00002125


MEMORY CONFIGURATION

         name            origin    length      used     unused   attr    fill
----------------------  --------  ---------  --------  --------  ----  --------
  FLASH                 00000000   00100000  0000296a  000fd696  R  X
  SRAM                  20000000   00040000  00001348  0003ecb8  RW X


SEGMENT ALLOCATION MAP

run origin  load origin   length   init length attrs members
----------  ----------- ---------- ----------- ----- -------
00000000    00000000    00002970   00002970    r-x
  00000000    00000000    00000208   00000208    r-- .intvecs
  00000208    00000208    000021d2   000021d2    r-x .text
  000023e0    000023e0    00000550   00000550    r-- .const
  00002930    00002930    00000040   00000040    r-- .cinit
20000000    20000000    0000134c   00000000    rw-
  20000000    20000000    0000026c   00000000    rw- .vtable
  20000270    20000270    00001000   00000000    rw- .stack
  20001270    20001270    000000d0   00000000    rw- .bss
  20001340    20001340    0000000c   00000000    rw- .data


SECTION ALLOCATION MAP

 output                                  attributes/
section   page    origin      length       input sections
--------  ----  ----------  ----------   ----------------
.intvecs   0    00000000    00000208     
                  00000000    00000208     tm4c1294ncpdt_startup_ccs.obj (.intvecs)

.text      0    00000208    000021d2     
                  00000208    00000738     rtsv7M4_T_le_v4SPD16_eabi.lib : k_rem_pio2.c.obj (.text:__kernel_rem_pio2)
                  00000940    000005c4                                   : s_sin.c.obj (.text:sin)
                  00000f04    0000025c     mainaux.obj (.text)
                  00001160    00000200     driverlib.lib : sysctl.obj (.text:SysCtlClockFreqSet)
                  00001360    000001b6     rtsv7M4_T_le_v4SPD16_eabi.lib : fd_add_t2.asm.obj (.text)
                  00001516    00000002     --HOLE-- [fill = 0]
                  00001518    00000174                                   : k_sin.c.obj (.text:__kernel_sin)
                  0000168c    0000016c                                   : k_cos.c.obj (.text:__kernel_cos)
                  000017f8    00000132     driverlib.lib : gpio.obj (.text:GPIOPadConfigSet)
                  0000192a    00000002     --HOLE-- [fill = 0]
                  0000192c    00000110     rtsv7M4_T_le_v4SPD16_eabi.lib : s_scalbn.c.obj (.text:scalbn)
                  00001a3c    000000fc                                   : fd_mul_t2.asm.obj (.text)
                  00001b38    000000f8                                   : s_floor.c.obj (.text:floor)
                  00001c30    0000009c                                   : memcpy_t2.asm.obj (.text)
                  00001ccc    00000086                                   : fd_cmp_t2.asm.obj (.text:__aeabi_cdcmple)
                  00001d52    00000086                                   : fd_cmp_t2.asm.obj (.text:__aeabi_cdrcmple)
                  00001dd8    0000006e                                   : fd_tos_t2.asm.obj (.text)
                  00001e46    00000002     --HOLE-- [fill = 0]
                  00001e48    00000068     driverlib.lib : interrupt.obj (.text:IntEnable)
                  00001eb0    00000068     rtsv7M4_T_le_v4SPD16_eabi.lib : copy_decompress_lzss.c.obj (.text:decompress:lzss:__TI_decompress_lzss)
                  00001f18    00000060     driverlib.lib : timer.obj (.text:TimerConfigure)
                  00001f78    0000004c                   : timer.obj (.text:_TimerIntNumberGet)
                  00001fc4    00000048                   : gpio.obj (.text:GPIOPinConfigure)
                  0000200c    00000048                   : sysctl.obj (.text:_SysCtlFrequencyGet)
                  00002054    00000048     rtsv7M4_T_le_v4SPD16_eabi.lib : fd_toi_t2.asm.obj (.text)
                  0000209c    00000044                                   : autoinit.c.obj (.text:__TI_auto_init_nobinit_nopinit:__TI_auto_init_nobinit_nopinit)
                  000020e0    00000044                                   : fd_tou_t2.asm.obj (.text)
                  00002124    00000038                                   : boot_cortex_m.c.obj (.text:_c_int00_noargs:_c_int00_noargs)
                  0000215c    00000038                                   : fs_tod_t2.asm.obj (.text)
                  00002194    00000034     driverlib.lib : interrupt.obj (.text:IntRegister)
                  000021c8    00000034                   : sysctl.obj (.text:SysCtlPeripheralEnable)
                  000021fc    0000002e     rtsv7M4_T_le_v4SPD16_eabi.lib : i_tofd_t2.asm.obj (.text)
                  0000222a    0000002a     driverlib.lib : gpio.obj (.text:GPIODirModeSet)
                  00002254    00000022                   : pwm.obj (.text:PWMGenConfigure)
                  00002276    00000002     --HOLE-- [fill = 0]
                  00002278    00000020                   : sysctl.obj (.text:_SysCtlMemTimingGet)
                  00002298    0000001e                   : pwm.obj (.text:PWMPulseWidthSet)
                  000022b6    00000018                   : gpio.obj (.text:GPIOPinTypeGPIOOutput)
                  000022ce    00000018                   : timer.obj (.text:TimerIntRegister)
                  000022e6    00000002     --HOLE-- [fill = 0]
                  000022e8    00000014                   : pwm.obj (.text:PWMClockSet)
                  000022fc    00000014     rtsv7M4_T_le_v4SPD16_eabi.lib : s_copysign.c.obj (.text:copysign)
                  00002310    00000012     driverlib.lib : gpio.obj (.text:GPIOPinTypePWM)
                  00002322    00000012                   : pwm.obj (.text:PWMOutputState)
                  00002334    00000012                   : timer.obj (.text:TimerLoadSet)
                  00002346    00000012     rtsv7M4_T_le_v4SPD16_eabi.lib : copy_zero_init.c.obj (.text:decompress:ZI:__TI_zero_init_nomemset:__TI_zero_init_nomemset)
                  00002358    00000010     driverlib.lib : interrupt.obj (.text:IntMasterEnable)
                  00002368    00000010                   : pwm.obj (.text:PWMGenPeriodSet)
                  00002378    0000000e                   : timer.obj (.text:TimerEnable)
                  00002386    0000000e     rtsv7M4_T_le_v4SPD16_eabi.lib : copy_decompress_none.c.obj (.text:decompress:none:__TI_decompress_none)
                  00002394    0000000c     driverlib.lib : cpu.obj (.text:CPUcpsie)
                  000023a0    0000000c                   : pwm.obj (.text:PWMGenEnable)
                  000023ac    0000000c     tm4c1294ncpdt_startup_ccs.obj (.text)
                  000023b8    00000008     driverlib.lib : timer.obj (.text:TimerIntEnable)
                  000023c0    00000008     rtsv7M4_T_le_v4SPD16_eabi.lib : errno.c.obj (.text:__aeabi_errno_addr)
                  000023c8    00000006     driverlib.lib : timer.obj (.text:TimerClockSourceSet)
                  000023ce    00000004                   : timer.obj (.text:TimerIntClear)
                  000023d2    00000004     rtsv7M4_T_le_v4SPD16_eabi.lib : pre_init.c.obj (.text:_system_pre_init)
                  000023d6    00000004                                   : exit.c.obj (.text:abort:abort)

.const     0    000023e0    00000550     
                  000023e0    000001b0     driverlib.lib : sysctl.obj (.const:g_pppui32XTALtoVCO)
                  00002590    00000158     rtsv7M4_T_le_v4SPD16_eabi.lib : k_rem_pio2.c.obj (.const:$O1$$)
                  000026e8    00000090     driverlib.lib : gpio.obj (.const:g_pui32GPIOBaseAddrs)
                  00002778    00000070                   : interrupt.obj (.const)
                  000027e8    0000006c                   : sysctl.obj (.const:g_pui32Xtals)
                  00002854    00000060                   : timer.obj (.const:g_ppui32TimerIntMap)
                  000028b4    00000040                   : timer.obj (.const:g_ppui32TimerIntMapSnowflake)
                  000028f4    00000030                   : sysctl.obj (.const:g_sXTALtoMEMTIM)
                  00002924    00000008                   : sysctl.obj (.const)
                  0000292c    00000004     mainaux.obj (.const)

.cinit     0    00002930    00000040     
                  00002930    0000000c     (__TI_handler_table)
                  0000293c    00000004     --HOLE-- [fill = 0]
                  00002940    00000008     (.cinit..bss.load) [load image, compression = zero_init]
                  00002948    00000008     (.cinit..vtable.load) [load image, compression = zero_init]
                  00002950    00000007     (.cinit..data.load) [load image, compression = lzss]
                  00002957    00000001     --HOLE-- [fill = 0]
                  00002958    00000018     (__TI_cinit_table)

.init_array 
*          0    00000000    00000000     UNINITIALIZED

.vtable    0    20000000    0000026c     UNINITIALIZED
                  20000000    0000026c     driverlib.lib : interrupt.obj (.vtable)

.bss       0    20001270    000000d0     UNINITIALIZED
                  20001270    000000c8     (.common:sen)
                  20001338    00000004     (.common:PeriodoPWM)
                  2000133c    00000004     (.common:t_rad)

.data      0    20001340    0000000c     UNINITIALIZED
                  20001340    00000008     mainaux.obj (.data)
                  20001348    00000004     rtsv7M4_T_le_v4SPD16_eabi.lib : errno.c.obj (.data)

.stack     0    20000270    00001000     UNINITIALIZED
                  20000270    00000004     rtsv7M4_T_le_v4SPD16_eabi.lib : boot_cortex_m.c.obj (.stack)
                  20000274    00000ffc     --HOLE--

MODULE SUMMARY

       Module                          code   ro data   rw data
       ------                          ----   -------   -------
    .\
       mainaux.obj                     604    4         216    
       tm4c1294ncpdt_startup_ccs.obj   12     520       0      
    +--+-------------------------------+------+---------+---------+
       Total:                          616    524       216    
                                                               
    C:/ti/TivaWare_C_Series-2.1.4.178/driverlib/ccs/Debug/driverlib.lib
       sysctl.obj                      668    596       0      
       interrupt.obj                   172    112       620    
       gpio.obj                        462    144       0      
       timer.obj                       246    160       0      
       pwm.obj                         130    0         0      
       cpu.obj                         12     0         0      
    +--+-------------------------------+------+---------+---------+
       Total:                          1690   1012      620    
                                                               
    C:\ti\ccsv8\tools\compiler\ti-cgt-arm_18.1.3.LTS\lib\rtsv7M4_T_le_v4SPD16_eabi.lib
       k_rem_pio2.c.obj                1848   344       0      
       s_sin.c.obj                     1476   0         0      
       fd_add_t2.asm.obj               438    0         0      
       k_sin.c.obj                     372    0         0      
       k_cos.c.obj                     364    0         0      
       s_scalbn.c.obj                  272    0         0      
       fd_cmp_t2.asm.obj               268    0         0      
       fd_mul_t2.asm.obj               252    0         0      
       s_floor.c.obj                   248    0         0      
       memcpy_t2.asm.obj               156    0         0      
       fd_tos_t2.asm.obj               110    0         0      
       copy_decompress_lzss.c.obj      104    0         0      
       fd_toi_t2.asm.obj               72     0         0      
       autoinit.c.obj                  68     0         0      
       fd_tou_t2.asm.obj               68     0         0      
       boot_cortex_m.c.obj             56     0         0      
       fs_tod_t2.asm.obj               56     0         0      
       i_tofd_t2.asm.obj               46     0         0      
       s_copysign.c.obj                20     0         0      
       copy_zero_init.c.obj            18     0         0      
       copy_decompress_none.c.obj      14     0         0      
       errno.c.obj                     8      0         4      
       exit.c.obj                      4      0         0      
       pre_init.c.obj                  4      0         0      
    +--+-------------------------------+------+---------+---------+
       Total:                          6342   344       4      
                                                               
       Stack:                          0      0         4096   
       Linker Generated:               0      59        0      
    +--+-------------------------------+------+---------+---------+
       Grand Total:                    8648   1939      4936   


LINKER GENERATED COPY TABLES

__TI_cinit_table @ 00002958 records: 3, size/record: 8, table size: 24
	.bss: load addr=00002940, load size=00000008 bytes, run addr=20001270, run size=000000d0 bytes, compression=zero_init
	.vtable: load addr=00002948, load size=00000008 bytes, run addr=20000000, run size=0000026c bytes, compression=zero_init
	.data: load addr=00002950, load size=00000007 bytes, run addr=20001340, run size=0000000c bytes, compression=lzss


LINKER GENERATED HANDLER TABLE

__TI_handler_table @ 00002930 records: 3, size/record: 4, table size: 12
	index: 0, handler: __TI_zero_init
	index: 1, handler: __TI_decompress_lzss
	index: 2, handler: __TI_decompress_none


GLOBAL SYMBOLS: SORTED ALPHABETICALLY BY Name 

address   name                          
-------   ----                          
000023d7  C$$EXIT                       
00002395  CPUcpsie                      
0000222b  GPIODirModeSet                
000017f9  GPIOPadConfigSet              
00001fc5  GPIOPinConfigure              
000022b7  GPIOPinTypeGPIOOutput         
00002311  GPIOPinTypePWM                
00001e49  IntEnable                     
00002359  IntMasterEnable               
00002195  IntRegister                   
00001051  IntTimer1                     
000022e9  PWMClockSet                   
00002255  PWMGenConfigure               
000023a1  PWMGenEnable                  
00002369  PWMGenPeriodSet               
00002323  PWMOutputState                
00002299  PWMPulseWidthSet              
20001338  PeriodoPWM                    
000023ad  ResetISR                      
00001161  SysCtlClockFreqSet            
000021c9  SysCtlPeripheralEnable        
000023c9  TimerClockSourceSet           
00001f19  TimerConfigure                
00002379  TimerEnable                   
000023cf  TimerIntClear                 
000023b9  TimerIntEnable                
000022cf  TimerIntRegister              
00002335  TimerLoadSet                  
20001270  __STACK_END                   
00001000  __STACK_SIZE                  
20000470  __STACK_TOP                   
00002958  __TI_CINIT_Base               
00002970  __TI_CINIT_Limit              
00002930  __TI_Handler_Table_Base       
0000293c  __TI_Handler_Table_Limit      
0000209d  __TI_auto_init_nobinit_nopinit
00001eb1  __TI_decompress_lzss          
00002387  __TI_decompress_none          
ffffffff  __TI_pprof_out_hndl           
ffffffff  __TI_prof_data_size           
ffffffff  __TI_prof_data_start          
00000000  __TI_static_base__            
00002347  __TI_zero_init_nomemset       
00001ccd  __aeabi_cdcmpeq               
00001ccd  __aeabi_cdcmple               
00001d53  __aeabi_cdrcmple              
00001dd9  __aeabi_d2f                   
00002055  __aeabi_d2iz                  
000020e1  __aeabi_d2uiz                 
0000136b  __aeabi_dadd                  
00001a3d  __aeabi_dmul                  
00001361  __aeabi_dsub                  
000023c1  __aeabi_errno_addr            
0000215d  __aeabi_f2d                   
000021fd  __aeabi_i2d                   
00001c31  __aeabi_memcpy                
00001c31  __aeabi_memcpy4               
00001c31  __aeabi_memcpy8               
ffffffff  __binit__                     
ffffffff  __c_args__                    
0000168d  __kernel_cos                  
00000209  __kernel_rem_pio2             
00001519  __kernel_sin                  
UNDEFED   __mpu_init                    
20000270  __stack                       
00002125  _c_int00_noargs               
UNDEFED   _system_post_cinit            
000023d3  _system_pre_init              
000023d7  abort                         
ffffffff  binit                         
000022fd  copysign                      
000022fd  copysignl                     
0000292c  dospi                         
20001348  errno                         
00001b39  floor                         
00001b39  floorl                        
20000000  g_pfnRAMVectors               
00000000  g_pfnVectors                  
20001340  i                             
0000192d  ldexp                         
0000192d  ldexpl                        
00000f05  main                          
00001c31  memcpy                        
0000192d  scalbn                        
0000192d  scalbnl                       
20001270  sen                           
00000941  sin                           
00000941  sinl                          
20001344  t                             
2000133c  t_rad                         


GLOBAL SYMBOLS: SORTED BY Symbol Address 

address   name                          
-------   ----                          
00000000  __TI_static_base__            
00000000  g_pfnVectors                  
00000209  __kernel_rem_pio2             
00000941  sin                           
00000941  sinl                          
00000f05  main                          
00001000  __STACK_SIZE                  
00001051  IntTimer1                     
00001161  SysCtlClockFreqSet            
00001361  __aeabi_dsub                  
0000136b  __aeabi_dadd                  
00001519  __kernel_sin                  
0000168d  __kernel_cos                  
000017f9  GPIOPadConfigSet              
0000192d  ldexp                         
0000192d  ldexpl                        
0000192d  scalbn                        
0000192d  scalbnl                       
00001a3d  __aeabi_dmul                  
00001b39  floor                         
00001b39  floorl                        
00001c31  __aeabi_memcpy                
00001c31  __aeabi_memcpy4               
00001c31  __aeabi_memcpy8               
00001c31  memcpy                        
00001ccd  __aeabi_cdcmpeq               
00001ccd  __aeabi_cdcmple               
00001d53  __aeabi_cdrcmple              
00001dd9  __aeabi_d2f                   
00001e49  IntEnable                     
00001eb1  __TI_decompress_lzss          
00001f19  TimerConfigure                
00001fc5  GPIOPinConfigure              
00002055  __aeabi_d2iz                  
0000209d  __TI_auto_init_nobinit_nopinit
000020e1  __aeabi_d2uiz                 
00002125  _c_int00_noargs               
0000215d  __aeabi_f2d                   
00002195  IntRegister                   
000021c9  SysCtlPeripheralEnable        
000021fd  __aeabi_i2d                   
0000222b  GPIODirModeSet                
00002255  PWMGenConfigure               
00002299  PWMPulseWidthSet              
000022b7  GPIOPinTypeGPIOOutput         
000022cf  TimerIntRegister              
000022e9  PWMClockSet                   
000022fd  copysign                      
000022fd  copysignl                     
00002311  GPIOPinTypePWM                
00002323  PWMOutputState                
00002335  TimerLoadSet                  
00002347  __TI_zero_init_nomemset       
00002359  IntMasterEnable               
00002369  PWMGenPeriodSet               
00002379  TimerEnable                   
00002387  __TI_decompress_none          
00002395  CPUcpsie                      
000023a1  PWMGenEnable                  
000023ad  ResetISR                      
000023b9  TimerIntEnable                
000023c1  __aeabi_errno_addr            
000023c9  TimerClockSourceSet           
000023cf  TimerIntClear                 
000023d3  _system_pre_init              
000023d7  C$$EXIT                       
000023d7  abort                         
0000292c  dospi                         
00002930  __TI_Handler_Table_Base       
0000293c  __TI_Handler_Table_Limit      
00002958  __TI_CINIT_Base               
00002970  __TI_CINIT_Limit              
20000000  g_pfnRAMVectors               
20000270  __stack                       
20000470  __STACK_TOP                   
20001270  __STACK_END                   
20001270  sen                           
20001338  PeriodoPWM                    
2000133c  t_rad                         
20001340  i                             
20001344  t                             
20001348  errno                         
ffffffff  __TI_pprof_out_hndl           
ffffffff  __TI_prof_data_size           
ffffffff  __TI_prof_data_start          
ffffffff  __binit__                     
ffffffff  __c_args__                    
ffffffff  binit                         
UNDEFED   __mpu_init                    
UNDEFED   _system_post_cinit            

[90 symbols]
