******************************************************************************
                  TI ARM Linker PC v18.1.3                     
******************************************************************************
>> Linked Fri Oct 19 23:55:35 2018

OUTPUT FILE NAME:   <P1b.out>
ENTRY POINT SYMBOL: "_c_int00_noargs"  address: 00000ab1


MEMORY CONFIGURATION

         name            origin    length      used     unused   attr    fill
----------------------  --------  ---------  --------  --------  ----  --------
  FLASH                 00000000   00100000  000010fe  000fef02  R  X
  SRAM                  20000000   00040000  000012f8  0003ed08  RW X


SEGMENT ALLOCATION MAP

run origin  load origin   length   init length attrs members
----------  ----------- ---------- ----------- ----- -------
00000000    00000000    00001100   00001100    r-x
  00000000    00000000    00000208   00000208    r-- .intvecs
  00000208    00000208    00000a4a   00000a4a    r-x .text
  00000c54    00000c54    0000045c   0000045c    r-- .const
  000010b0    000010b0    00000050   00000050    r-- .cinit
20000000    20000000    000012fc   00000000    rw-
  20000000    20000000    0000026c   00000000    rw- .vtable
  20000270    20000270    00001000   00000000    rw- .stack
  20001270    20001270    00000084   00000000    rw- .data
  200012f4    200012f4    00000008   00000000    rw- .bss


SECTION ALLOCATION MAP

 output                                  attributes/
section   page    origin      length       input sections
--------  ----  ----------  ----------   ----------------
.intvecs   0    00000000    00000208     
                  00000000    00000208     tm4c1294ncpdt_startup_ccs.obj (.intvecs)

.text      0    00000208    00000a4a     
                  00000208    00000338     EJEMPLO2b.obj (.text)
                  00000540    00000200     driverlib.lib : sysctl.obj (.text:SysCtlClockFreqSet)
                  00000740    00000132                   : gpio.obj (.text:GPIOPadConfigSet)
                  00000872    0000009c     rtsv7M4_T_le_v4SPD16_eabi.lib : memcpy_t2.asm.obj (.text)
                  0000090e    00000002     --HOLE-- [fill = 0]
                  00000910    00000068     driverlib.lib : interrupt.obj (.text:IntEnable)
                  00000978    00000068     rtsv7M4_T_le_v4SPD16_eabi.lib : copy_decompress_lzss.c.obj (.text:decompress:lzss:__TI_decompress_lzss)
                  000009e0    00000048     driverlib.lib : sysctl.obj (.text:_SysCtlFrequencyGet)
                  00000a28    00000044                   : gpio.obj (.text:_GPIOIntNumberGet)
                  00000a6c    00000044     rtsv7M4_T_le_v4SPD16_eabi.lib : autoinit.c.obj (.text:__TI_auto_init_nobinit_nopinit:__TI_auto_init_nobinit_nopinit)
                  00000ab0    00000038                                   : boot_cortex_m.c.obj (.text:_c_int00_noargs:_c_int00_noargs)
                  00000ae8    00000034     driverlib.lib : interrupt.obj (.text:IntRegister)
                  00000b1c    00000034                   : sysctl.obj (.text:SysCtlPeripheralEnable)
                  00000b50    0000002a                   : gpio.obj (.text:GPIODirModeSet)
                  00000b7a    00000002     --HOLE-- [fill = 0]
                  00000b7c    00000020                   : sysctl.obj (.text:_SysCtlMemTimingGet)
                  00000b9c    00000018                   : gpio.obj (.text:GPIOIntRegister)
                  00000bb4    00000018                   : gpio.obj (.text:GPIOPinTypeGPIOOutput)
                  00000bcc    00000012                   : gpio.obj (.text:GPIOPinTypeGPIOInput)
                  00000bde    00000012     rtsv7M4_T_le_v4SPD16_eabi.lib : copy_zero_init.c.obj (.text:decompress:ZI:__TI_zero_init_nomemset:__TI_zero_init_nomemset)
                  00000bf0    00000010     driverlib.lib : interrupt.obj (.text:IntMasterEnable)
                  00000c00    0000000e     rtsv7M4_T_le_v4SPD16_eabi.lib : copy_decompress_none.c.obj (.text:decompress:none:__TI_decompress_none)
                  00000c0e    0000000c     driverlib.lib : cpu.obj (.text:CPUcpsie)
                  00000c1a    0000000c                   : gpio.obj (.text:GPIOIntEnable)
                  00000c26    0000000c     tm4c1294ncpdt_startup_ccs.obj (.text)
                  00000c32    00000006     driverlib.lib : gpio.obj (.text:GPIOIntClear)
                  00000c38    00000006                   : gpio.obj (.text:GPIOPinRead)
                  00000c3e    00000006                   : gpio.obj (.text:GPIOPinWrite)
                  00000c44    00000006                   : sysctl.obj (.text:SysCtlDelay)
                  00000c4a    00000004     rtsv7M4_T_le_v4SPD16_eabi.lib : pre_init.c.obj (.text:_system_pre_init)
                  00000c4e    00000004                                   : exit.c.obj (.text:abort:abort)

.const     0    00000c54    0000045c     
                  00000c54    000001b0     driverlib.lib : sysctl.obj (.const:g_pppui32XTALtoVCO)
                  00000e04    000000d8                   : gpio.obj (.const:g_ppui32GPIOIntMapSnowflake)
                  00000edc    000000c0                   : gpio.obj (.const:g_ppui32GPIOIntMapBlizzard)
                  00000f9c    00000070                   : interrupt.obj (.const)
                  0000100c    0000006c                   : sysctl.obj (.const:g_pui32Xtals)
                  00001078    00000030                   : sysctl.obj (.const:g_sXTALtoMEMTIM)
                  000010a8    00000008                   : sysctl.obj (.const)

.cinit     0    000010b0    00000050     
                  000010b0    0000001b     (.cinit..data.load) [load image, compression = lzss]
                  000010cb    00000001     --HOLE-- [fill = 0]
                  000010cc    0000000c     (__TI_handler_table)
                  000010d8    00000008     (.cinit..bss.load) [load image, compression = zero_init]
                  000010e0    00000008     (.cinit..vtable.load) [load image, compression = zero_init]
                  000010e8    00000018     (__TI_cinit_table)

.init_array 
*          0    00000000    00000000     UNINITIALIZED

.vtable    0    20000000    0000026c     UNINITIALIZED
                  20000000    0000026c     driverlib.lib : interrupt.obj (.vtable)

.data      0    20001270    00000084     UNINITIALIZED
                  20001270    00000080     EJEMPLO2b.obj (.data:LED)
                  200012f0    00000004     EJEMPLO2b.obj (.data)

.bss       0    200012f4    00000008     UNINITIALIZED
                  200012f4    00000004     (.common:modo)
                  200012f8    00000002     (.common:estado)
                  200012fa    00000002     (.common:modo_ant)

.stack     0    20000270    00001000     UNINITIALIZED
                  20000270    00000004     rtsv7M4_T_le_v4SPD16_eabi.lib : boot_cortex_m.c.obj (.stack)
                  20000274    00000ffc     --HOLE--

MODULE SUMMARY

       Module                          code   ro data   rw data
       ------                          ----   -------   -------
    .\
       EJEMPLO2b.obj                   824    0         140    
       tm4c1294ncpdt_startup_ccs.obj   12     520       0      
    +--+-------------------------------+------+---------+---------+
       Total:                          836    520       140    
                                                               
    C:/ti/TivaWare_C_Series-2.1.4.178/driverlib/ccs/Debug/driverlib.lib
       sysctl.obj                      674    596       0      
       gpio.obj                        512    408       0      
       interrupt.obj                   172    112       620    
       cpu.obj                         12     0         0      
    +--+-------------------------------+------+---------+---------+
       Total:                          1370   1116      620    
                                                               
    C:\ti\ccsv8\tools\compiler\ti-cgt-arm_18.1.3.LTS\lib\rtsv7M4_T_le_v4SPD16_eabi.lib
       memcpy_t2.asm.obj               156    0         0      
       copy_decompress_lzss.c.obj      104    0         0      
       autoinit.c.obj                  68     0         0      
       boot_cortex_m.c.obj             56     0         0      
       copy_zero_init.c.obj            18     0         0      
       copy_decompress_none.c.obj      14     0         0      
       exit.c.obj                      4      0         0      
       pre_init.c.obj                  4      0         0      
    +--+-------------------------------+------+---------+---------+
       Total:                          424    0         0      
                                                               
       Stack:                          0      0         4096   
       Linker Generated:               0      79        0      
    +--+-------------------------------+------+---------+---------+
       Grand Total:                    2630   1715      4856   


LINKER GENERATED COPY TABLES

__TI_cinit_table @ 000010e8 records: 3, size/record: 8, table size: 24
	.data: load addr=000010b0, load size=0000001b bytes, run addr=20001270, run size=00000084 bytes, compression=lzss
	.bss: load addr=000010d8, load size=00000008 bytes, run addr=200012f4, run size=00000008 bytes, compression=zero_init
	.vtable: load addr=000010e0, load size=00000008 bytes, run addr=20000000, run size=0000026c bytes, compression=zero_init


LINKER GENERATED HANDLER TABLE

__TI_handler_table @ 000010cc records: 3, size/record: 4, table size: 12
	index: 0, handler: __TI_zero_init
	index: 1, handler: __TI_decompress_lzss
	index: 2, handler: __TI_decompress_none


GLOBAL SYMBOLS: SORTED ALPHABETICALLY BY Name 

address   name                          
-------   ----                          
00000c4f  C$$EXIT                       
00000c0f  CPUcpsie                      
00000b51  GPIODirModeSet                
00000c33  GPIOIntClear                  
00000c1b  GPIOIntEnable                 
00000b9d  GPIOIntRegister               
00000741  GPIOPadConfigSet              
00000c39  GPIOPinRead                   
00000bcd  GPIOPinTypeGPIOInput          
00000bb5  GPIOPinTypeGPIOOutput         
00000c3f  GPIOPinWrite                  
00000911  IntEnable                     
00000bf1  IntMasterEnable               
00000ae9  IntRegister                   
20001270  LED                           
00000c27  ResetISR                      
00000541  SysCtlClockFreqSet            
00000c45  SysCtlDelay                   
00000b1d  SysCtlPeripheralEnable        
20001270  __STACK_END                   
00001000  __STACK_SIZE                  
20000470  __STACK_TOP                   
000010e8  __TI_CINIT_Base               
00001100  __TI_CINIT_Limit              
000010cc  __TI_Handler_Table_Base       
000010d8  __TI_Handler_Table_Limit      
00000a6d  __TI_auto_init_nobinit_nopinit
00000979  __TI_decompress_lzss          
00000c01  __TI_decompress_none          
ffffffff  __TI_pprof_out_hndl           
ffffffff  __TI_prof_data_size           
ffffffff  __TI_prof_data_start          
00000000  __TI_static_base__            
00000bdf  __TI_zero_init_nomemset       
00000873  __aeabi_memcpy                
00000873  __aeabi_memcpy4               
00000873  __aeabi_memcpy8               
ffffffff  __binit__                     
ffffffff  __c_args__                    
UNDEFED   __mpu_init                    
20000270  __stack                       
00000ab1  _c_int00_noargs               
UNDEFED   _system_post_cinit            
00000c4b  _system_pre_init              
00000c4f  abort                         
ffffffff  binit                         
00000281  enciende                      
200012f8  estado                        
20000000  g_pfnRAMVectors               
00000000  g_pfnVectors                  
000002d9  main                          
00000873  memcpy                        
200012f4  modo                          
200012fa  modo_ant                      
200012f0  reloj                         
00000209  rutina_interrupcion           


GLOBAL SYMBOLS: SORTED BY Symbol Address 

address   name                          
-------   ----                          
00000000  __TI_static_base__            
00000000  g_pfnVectors                  
00000209  rutina_interrupcion           
00000281  enciende                      
000002d9  main                          
00000541  SysCtlClockFreqSet            
00000741  GPIOPadConfigSet              
00000873  __aeabi_memcpy                
00000873  __aeabi_memcpy4               
00000873  __aeabi_memcpy8               
00000873  memcpy                        
00000911  IntEnable                     
00000979  __TI_decompress_lzss          
00000a6d  __TI_auto_init_nobinit_nopinit
00000ab1  _c_int00_noargs               
00000ae9  IntRegister                   
00000b1d  SysCtlPeripheralEnable        
00000b51  GPIODirModeSet                
00000b9d  GPIOIntRegister               
00000bb5  GPIOPinTypeGPIOOutput         
00000bcd  GPIOPinTypeGPIOInput          
00000bdf  __TI_zero_init_nomemset       
00000bf1  IntMasterEnable               
00000c01  __TI_decompress_none          
00000c0f  CPUcpsie                      
00000c1b  GPIOIntEnable                 
00000c27  ResetISR                      
00000c33  GPIOIntClear                  
00000c39  GPIOPinRead                   
00000c3f  GPIOPinWrite                  
00000c45  SysCtlDelay                   
00000c4b  _system_pre_init              
00000c4f  C$$EXIT                       
00000c4f  abort                         
00001000  __STACK_SIZE                  
000010cc  __TI_Handler_Table_Base       
000010d8  __TI_Handler_Table_Limit      
000010e8  __TI_CINIT_Base               
00001100  __TI_CINIT_Limit              
20000000  g_pfnRAMVectors               
20000270  __stack                       
20000470  __STACK_TOP                   
20001270  LED                           
20001270  __STACK_END                   
200012f0  reloj                         
200012f4  modo                          
200012f8  estado                        
200012fa  modo_ant                      
ffffffff  __TI_pprof_out_hndl           
ffffffff  __TI_prof_data_size           
ffffffff  __TI_prof_data_start          
ffffffff  __binit__                     
ffffffff  __c_args__                    
ffffffff  binit                         
UNDEFED   __mpu_init                    
UNDEFED   _system_post_cinit            

[56 symbols]
