******************************************************************************
                  TI ARM Linker PC v18.1.3                     
******************************************************************************
>> Linked Wed Oct 17 18:34:11 2018

OUTPUT FILE NAME:   <vacio8.out>
ENTRY POINT SYMBOL: "_c_int00_noargs"  address: 000007fd


MEMORY CONFIGURATION

         name            origin    length      used     unused   attr    fill
----------------------  --------  ---------  --------  --------  ----  --------
  FLASH                 00000000   00100000  00000b8e  000ff472  R  X
  SRAM                  20000000   00040000  00001074  0003ef8c  RW X


SEGMENT ALLOCATION MAP

run origin  load origin   length   init length attrs members
----------  ----------- ---------- ----------- ----- -------
00000000    00000000    00000b90   00000b90    r-x
  00000000    00000000    00000208   00000208    r-- .intvecs
  00000208    00000208    0000070a   0000070a    r-x .text
  00000914    00000914    00000254   00000254    r-- .const
  00000b68    00000b68    00000028   00000028    r-- .cinit
20000000    20000000    00001074   00000000    rw-
  20000000    20000000    00001000   00000000    rw- .stack
  20001000    20001000    00000074   00000000    rw- .data


SECTION ALLOCATION MAP

 output                                  attributes/
section   page    origin      length       input sections
--------  ----  ----------  ----------   ----------------
.intvecs   0    00000000    00000208     
                  00000000    00000208     tm4c1294ncpdt_startup_ccs.obj (.intvecs)

.text      0    00000208    0000070a     
                  00000208    00000200     driverlib.lib : sysctl.obj (.text:SysCtlClockFreqSet)
                  00000408    00000132                   : gpio.obj (.text:GPIOPadConfigSet)
                  0000053a    00000002     --HOLE-- [fill = 0]
                  0000053c    00000130     EJEMPLO2_1819.obj (.text)
                  0000066c    0000009c     rtsv7M4_T_le_v4SPD16_eabi.lib : memcpy_t2.asm.obj (.text)
                  00000708    00000068                                   : copy_decompress_lzss.c.obj (.text:decompress:lzss:__TI_decompress_lzss)
                  00000770    00000048     driverlib.lib : sysctl.obj (.text:_SysCtlFrequencyGet)
                  000007b8    00000044     rtsv7M4_T_le_v4SPD16_eabi.lib : autoinit.c.obj (.text:__TI_auto_init_nobinit_nopinit:__TI_auto_init_nobinit_nopinit)
                  000007fc    00000038                                   : boot_cortex_m.c.obj (.text:_c_int00_noargs:_c_int00_noargs)
                  00000834    00000034     driverlib.lib : sysctl.obj (.text:SysCtlPeripheralEnable)
                  00000868    0000002a                   : gpio.obj (.text:GPIODirModeSet)
                  00000892    00000002     --HOLE-- [fill = 0]
                  00000894    00000020                   : sysctl.obj (.text:_SysCtlMemTimingGet)
                  000008b4    00000018                   : gpio.obj (.text:GPIOPinTypeGPIOOutput)
                  000008cc    00000012                   : gpio.obj (.text:GPIOPinTypeGPIOInput)
                  000008de    0000000e     rtsv7M4_T_le_v4SPD16_eabi.lib : copy_decompress_none.c.obj (.text:decompress:none:__TI_decompress_none)
                  000008ec    0000000c     tm4c1294ncpdt_startup_ccs.obj (.text)
                  000008f8    00000006     driverlib.lib : gpio.obj (.text:GPIOPinRead)
                  000008fe    00000006                   : gpio.obj (.text:GPIOPinWrite)
                  00000904    00000006                   : sysctl.obj (.text:SysCtlDelay)
                  0000090a    00000004     rtsv7M4_T_le_v4SPD16_eabi.lib : pre_init.c.obj (.text:_system_pre_init)
                  0000090e    00000004                                   : exit.c.obj (.text:abort:abort)

.const     0    00000914    00000254     
                  00000914    000001b0     driverlib.lib : sysctl.obj (.const:g_pppui32XTALtoVCO)
                  00000ac4    0000006c                   : sysctl.obj (.const:g_pui32Xtals)
                  00000b30    00000030                   : sysctl.obj (.const:g_sXTALtoMEMTIM)
                  00000b60    00000008                   : sysctl.obj (.const)

.cinit     0    00000b68    00000028     
                  00000b68    00000017     (.cinit..data.load) [load image, compression = lzss]
                  00000b7f    00000001     --HOLE-- [fill = 0]
                  00000b80    00000008     (__TI_handler_table)
                  00000b88    00000008     (__TI_cinit_table)

.init_array 
*          0    00000000    00000000     UNINITIALIZED

.data      0    20001000    00000074     UNINITIALIZED
                  20001000    00000070     EJEMPLO2_1819.obj (.data:LED)
                  20001070    00000004     EJEMPLO2_1819.obj (.data)

.stack     0    20000000    00001000     UNINITIALIZED
                  20000000    00000004     rtsv7M4_T_le_v4SPD16_eabi.lib : boot_cortex_m.c.obj (.stack)
                  20000004    00000ffc     --HOLE--

MODULE SUMMARY

       Module                          code   ro data   rw data
       ------                          ----   -------   -------
    .\
       tm4c1294ncpdt_startup_ccs.obj   12     520       0      
       EJEMPLO2_1819.obj               304    0         116    
    +--+-------------------------------+------+---------+---------+
       Total:                          316    520       116    
                                                               
    C:/ti/TivaWare_C_Series-2.1.4.178/driverlib/ccs/Debug/driverlib.lib
       sysctl.obj                      674    596       0      
       gpio.obj                        402    0         0      
    +--+-------------------------------+------+---------+---------+
       Total:                          1076   596       0      
                                                               
    C:\ti\ccsv8\tools\compiler\ti-cgt-arm_18.1.3.LTS\lib\rtsv7M4_T_le_v4SPD16_eabi.lib
       memcpy_t2.asm.obj               156    0         0      
       copy_decompress_lzss.c.obj      104    0         0      
       autoinit.c.obj                  68     0         0      
       boot_cortex_m.c.obj             56     0         0      
       copy_decompress_none.c.obj      14     0         0      
       exit.c.obj                      4      0         0      
       pre_init.c.obj                  4      0         0      
    +--+-------------------------------+------+---------+---------+
       Total:                          406    0         0      
                                                               
       Stack:                          0      0         4096   
       Linker Generated:               0      39        0      
    +--+-------------------------------+------+---------+---------+
       Grand Total:                    1798   1155      4212   


LINKER GENERATED COPY TABLES

__TI_cinit_table @ 00000b88 records: 1, size/record: 8, table size: 8
	.data: load addr=00000b68, load size=00000017 bytes, run addr=20001000, run size=00000074 bytes, compression=lzss


LINKER GENERATED HANDLER TABLE

__TI_handler_table @ 00000b80 records: 2, size/record: 4, table size: 8
	index: 0, handler: __TI_decompress_lzss
	index: 1, handler: __TI_decompress_none


GLOBAL SYMBOLS: SORTED ALPHABETICALLY BY Name 

address   name                          
-------   ----                          
0000090f  C$$EXIT                       
00000869  GPIODirModeSet                
00000409  GPIOPadConfigSet              
000008f9  GPIOPinRead                   
000008cd  GPIOPinTypeGPIOInput          
000008b5  GPIOPinTypeGPIOOutput         
000008ff  GPIOPinWrite                  
20001000  LED                           
000008ed  ResetISR                      
00000209  SysCtlClockFreqSet            
00000905  SysCtlDelay                   
00000835  SysCtlPeripheralEnable        
20001000  __STACK_END                   
00001000  __STACK_SIZE                  
20000200  __STACK_TOP                   
00000b88  __TI_CINIT_Base               
00000b90  __TI_CINIT_Limit              
00000b80  __TI_Handler_Table_Base       
00000b88  __TI_Handler_Table_Limit      
000007b9  __TI_auto_init_nobinit_nopinit
00000709  __TI_decompress_lzss          
000008df  __TI_decompress_none          
ffffffff  __TI_pprof_out_hndl           
ffffffff  __TI_prof_data_size           
ffffffff  __TI_prof_data_start          
00000000  __TI_static_base__            
0000066d  __aeabi_memcpy                
0000066d  __aeabi_memcpy4               
0000066d  __aeabi_memcpy8               
ffffffff  __binit__                     
ffffffff  __c_args__                    
UNDEFED   __mpu_init                    
20000000  __stack                       
000007fd  _c_int00_noargs               
UNDEFED   _system_post_cinit            
0000090b  _system_pre_init              
0000090f  abort                         
ffffffff  binit                         
00000000  g_pfnVectors                  
0000053d  main                          
0000066d  memcpy                        
20001070  reloj                         


GLOBAL SYMBOLS: SORTED BY Symbol Address 

address   name                          
-------   ----                          
00000000  __TI_static_base__            
00000000  g_pfnVectors                  
00000209  SysCtlClockFreqSet            
00000409  GPIOPadConfigSet              
0000053d  main                          
0000066d  __aeabi_memcpy                
0000066d  __aeabi_memcpy4               
0000066d  __aeabi_memcpy8               
0000066d  memcpy                        
00000709  __TI_decompress_lzss          
000007b9  __TI_auto_init_nobinit_nopinit
000007fd  _c_int00_noargs               
00000835  SysCtlPeripheralEnable        
00000869  GPIODirModeSet                
000008b5  GPIOPinTypeGPIOOutput         
000008cd  GPIOPinTypeGPIOInput          
000008df  __TI_decompress_none          
000008ed  ResetISR                      
000008f9  GPIOPinRead                   
000008ff  GPIOPinWrite                  
00000905  SysCtlDelay                   
0000090b  _system_pre_init              
0000090f  C$$EXIT                       
0000090f  abort                         
00000b80  __TI_Handler_Table_Base       
00000b88  __TI_CINIT_Base               
00000b88  __TI_Handler_Table_Limit      
00000b90  __TI_CINIT_Limit              
00001000  __STACK_SIZE                  
20000000  __stack                       
20000200  __STACK_TOP                   
20001000  LED                           
20001000  __STACK_END                   
20001070  reloj                         
ffffffff  __TI_pprof_out_hndl           
ffffffff  __TI_prof_data_size           
ffffffff  __TI_prof_data_start          
ffffffff  __binit__                     
ffffffff  __c_args__                    
ffffffff  binit                         
UNDEFED   __mpu_init                    
UNDEFED   _system_post_cinit            

[42 symbols]
